#-----------------------------------------------------------
# Webtalk v2018.2 (64-bit)
# SW Build 2258646 on Thu Jun 14 20:02:38 MDT 2018
# IP Build 2256618 on Thu Jun 14 22:10:49 MDT 2018
# Start of session at: Thu Nov 24 12:50:33 2022
# Process ID: 18286
# Current directory: /home/mdescham/Documents/BE_Controleur_Ethernet/Ethernet10/Ethernet10.sim/sim_1/behav/xsim
# Command line: wbtcv -mode batch -source /home/mdescham/Documents/BE_Controleur_Ethernet/Ethernet10/Ethernet10.sim/sim_1/behav/xsim/xsim.dir/TestEmetteur_behav/webtalk/xsim_webtalk.tcl -notrace
# Log file: /home/mdescham/Documents/BE_Controleur_Ethernet/Ethernet10/Ethernet10.sim/sim_1/behav/xsim/webtalk.log
# Journal file: /home/mdescham/Documents/BE_Controleur_Ethernet/Ethernet10/Ethernet10.sim/sim_1/behav/xsim/webtalk.jou
#-----------------------------------------------------------
source /home/mdescham/Documents/BE_Controleur_Ethernet/Ethernet10/Ethernet10.sim/sim_1/behav/xsim/xsim.dir/TestEmetteur_behav/webtalk/xsim_webtalk.tcl -notrace
